<local:bundle:a> <http://www.w3.org/1999/02/22-rdf-syntax-ns#type> <https://okf.io/ontology/v0.1#Concept> .
<local:bundle:a> <https://okf.io/ontology/v0.1#description> "Alpha" .
<local:bundle:a> <https://okf.io/ontology/v0.1#references> <local:bundle:b> .
<local:bundle:a> <https://okf.io/ontology/v0.1#tags> "a" .
<local:bundle:a> <https://okf.io/ontology/v0.1#timestamp> "2026-06-21T00:00:00Z" .
<local:bundle:a> <https://okf.io/ontology/v0.1#title> "A" .
<local:bundle:a> <https://okf.io/ontology/v0.1#type> "Note" .
<local:bundle:b> <http://www.w3.org/1999/02/22-rdf-syntax-ns#type> <https://okf.io/ontology/v0.1#Concept> .
<local:bundle:b> <https://okf.io/ontology/v0.1#type> "Note" .
